{"level":"info","message":"registerUser userResp=[object Object]"}
{"level":"info","message":"registerUser userResp=[object Object]"}
{"level":"info","message":"registerUser userResp=[object Object]"}
{"level":"info","message":"registerUser userResp=[object Object]"}
{"level":"info","message":"registerUser userResp=[object Object]"}
{"level":"info","message":"registerUser userResp=[object Object]"}
{"level":"info","message":"registerUser userResp=[object Object]"}
{"level":"info","message":"registerUser userResp=[object Object]"}
{"level":"info","message":"registerUser userResp=[object Object]"}
{"level":"info","message":"registerUser userResp=[object Object]"}
{"level":"info","message":"signInUser req.body=[object Object]"}
{"level":"info","message":"signInUser userResp=[object Object]"}
{"level":"info","message":"signInUser req.body=[object Object]"}
{"level":"info","message":"signInUser userResp=[object Object]"}
{"level":"info","message":"signInUser req.body=[object Object]"}
{"level":"info","message":"signInUser userResp=[object Object]"}
{"level":"info","message":"signInUser req.body=[object Object]"}
{"level":"info","message":"signInUser userResp=[object Object]"}
{"level":"info","message":"logoutUser resp= undefined"}
{"level":"info","message":"signInUser req.body=[object Object]"}
{"level":"info","message":"signInUser userResp=[object Object]"}
{"level":"info","message":"logoutUser resp= undefined"}
{"level":"info","message":"signInUser req.body=[object Object]"}
{"level":"info","message":"signInUser userResp=[object Object]"}
{"level":"info","message":"signInUser req.body=[object Object]"}
{"level":"info","message":"signInUser userResp=[object Object]"}
{"level":"info","message":"logoutUser resp= undefined"}
{"level":"info","message":"signInUser req.body=[object Object]"}
{"level":"info","message":"signInUser userResp=[object Object]"}
{"level":"info","message":"signInUser req.body=[object Object]"}
{"level":"info","message":"signInUser userResp=[object Object]"}
{"level":"info","message":"signInUser req.body=[object Object]"}
{"level":"info","message":"signInUser userResp=[object Object]"}
{"level":"info","message":"signInUser req.body=[object Object]"}
{"level":"info","message":"signInUser userResp=[object Object]"}
{"level":"info","message":"signInUser req.body=[object Object]"}
{"level":"info","message":"signInUser userResp=[object Object]"}
{"level":"info","message":"signInUser req.body=[object Object]"}
{"level":"info","message":"signInUser userResp=[object Object]"}
{"level":"info","message":"signInUser req.body=[object Object]"}
{"level":"info","message":"signInUser userResp=[object Object]"}
{"level":"info","message":"logoutUser resp= undefined"}
{"level":"info","message":"signInUser req.body=[object Object]"}
{"level":"info","message":"signInUser userResp=[object Object]"}
{"level":"info","message":"logoutUser resp= undefined"}
{"level":"info","message":"signInUser req.body=[object Object]"}
{"level":"info","message":"signInUser userResp=[object Object]"}
{"level":"info","message":"signInUser req.body=[object Object]"}
{"level":"info","message":"signInUser userResp=[object Object]"}
{"level":"info","message":"logoutUser resp= [object Object]"}
{"level":"info","message":"signInUser req.body=[object Object]"}
{"level":"info","message":"signInUser userResp=[object Object]"}
{"level":"info","message":" logoutAllDevices req.params=[object Object]"}
{"level":"info","message":" logoutAllDevices userResp=[object Object]"}
{"level":"info","message":"signInUser req.body=[object Object]"}
{"level":"info","message":"signInUser userResp=[object Object]"}
{"level":"info","message":"logoutUser resp= [object Object]"}
{"level":"info","message":"signInUser req.body=[object Object]"}
{"level":"info","message":"signInUser userResp=[object Object]"}
{"level":"info","message":"logoutUser resp= [object Object]"}
{"level":"info","message":" logoutAllDevices req.params=[object Object]"}
{"level":"info","message":" logoutAllDevices userResp=[object Object]"}
{"level":"info","message":"signInUser req.body=[object Object]"}
{"level":"info","message":"signInUser userResp=[object Object]"}
{"level":"info","message":"logoutUser resp= [object Object]"}
{"level":"info","message":"signInUser req.body=[object Object]"}
{"level":"info","message":"signInUser userResp=[object Object]"}
{"level":"info","message":"signInUser req.body=[object Object]"}
{"level":"info","message":"signInUser userResp=[object Object]"}
{"level":"info","message":"registerUser userResp=[object Object]"}
{"level":"info","message":"signInUser req.body=[object Object]"}
{"level":"info","message":"signInUser userResp=[object Object]"}
{"level":"info","message":"logoutUser resp= [object Object]"}
{"level":"info","message":"signInUser req.body=[object Object]"}
{"level":"info","message":"signInUser userResp=[object Object]"}
{"level":"info","message":"signInUser req.body=[object Object]"}
{"level":"info","message":"signInUser userResp=[object Object]"}
{"level":"info","message":" logoutAllDevices req.params=[object Object]"}
{"level":"info","message":" logoutAllDevices userResp=[object Object]"}
{"level":"info","message":" getAllUserDetails userResp=[object Object]"}
{"level":"info","message":" updateUserDetail req.params=[object Object]"}
{"level":"info","message":" updateUserDetail userResp=[object Object]"}
{"level":"info","message":" updateUserDetail req.params=[object Object]"}
{"level":"info","message":" updateUserDetail req.params=[object Object]"}
{"level":"info","message":" updateUserDetail userResp=[object Object]"}
{"level":"info","message":" updateUserDetail req.params=[object Object]"}
{"level":"info","message":" updateUserDetail userResp=[object Object]"}
{"level":"info","message":" updateUserDetail req.params=[object Object]"}
{"level":"info","message":" updateUserDetail userResp=[object Object]"}
{"level":"info","message":"createNewPost postResp=[object Object]"}
{"level":"info","message":"createNewPost postResp=[object Object]"}
{"level":"info","message":"getAllPosts postResp=[object Object]"}
{"level":"info","message":"getPostById postResp=[object Object]"}
{"level":"info","message":"updatePostById postResp=[object Object]"}
{"level":"info","message":"updatePostById postResp=[object Object]"}
{"level":"info","message":"createNewPost postResp=[object Object]"}
{"level":"info","message":"createNewPost postResp=[object Object]"}
{"level":"info","message":"deletePostById postResp=[object Object]"}
{"level":"info","message":"getUserPosts postResp=[object Object]"}
{"level":"info","message":"getCommentsForPost commentResp=[object Object]"}
{"level":"info","message":"addCommentForPost commentResp=[object Object]"}
{"level":"info","message":"updateCommentForPost commentResp=[object Object]"}
{"level":"info","message":"getCommentsForPost commentResp=[object Object]"}
{"level":"info","message":"deleteCommentForPost commentResp=[object Object]"}
{"level":"info","message":"updateCommentForPost commentResp=[object Object]"}
{"level":"info","message":"updateCommentForPost commentResp=[object Object]"}
{"level":"info","message":"updateCommentForPost commentResp=[object Object]"}
{"level":"info","message":"toggleFriendship friendResp=[object Object]"}
{"level":"info","message":"getPendingRequests friendResp=[object Object]"}
{"level":"info","message":"getUserFriends friendResp=[object Object]"}
{"level":"info","message":"acceptRejectRequest friendResp=[object Object]"}
{"level":"info","message":"acceptRejectRequest friendResp=[object Object]"}
{"level":"info","message":"getPendingRequests friendResp=[object Object]"}
{"level":"info","message":"sendOTP sendResp=[object Object]"}
{"level":"info","message":"signInUser req.body=[object Object]"}
{"level":"info","message":"signInUser userResp=[object Object]"}
{"level":"info","message":"signInUser req.body=[object Object]"}
{"level":"info","message":"signInUser userResp=[object Object]"}
{"level":"info","message":"signInUser req.body=[object Object]"}
{"level":"info","message":"signInUser userResp=[object Object]"}
{"level":"info","message":"sendOTP sendResp=[object Object]"}
{"level":"info","message":"logoutUser resp= [object Object]"}
{"level":"info","message":"signInUser req.body=[object Object]"}
{"level":"info","message":"signInUser userResp=[object Object]"}
{"level":"info","message":"verifyOTP sendResp=[object Object]"}
{"level":"info","message":"resetPassword sendResp=[object Object]"}
{"level":"info","message":"verifyOTP sendResp=[object Object]"}
{"level":"info","message":"signInUser req.body=[object Object]"}
{"level":"info","message":"signInUser userResp=[object Object]"}
{"level":"info","message":"signInUser req.body=[object Object]"}
{"level":"info","message":"signInUser userResp=[object Object]"}
{"level":"info","message":"resetPassword sendResp=[object Object]"}
{"level":"info","message":"resetPassword sendResp=[object Object]"}
{"level":"info","message":"resetPassword sendResp=[object Object]"}
{"level":"info","message":"verifyOTP sendResp=[object Object]"}
